  kdtree.cpp
  main.cpp
C:\Users\ASUS\Desktop\game\billiards\billiards\main.cpp(1,1): warning C4819: 该文件包含不能在当前代码页(936)中表示的字符。请将该文件保存为 Unicode 格式以防止数据丢失
C:\Users\ASUS\Desktop\game\billiards\billiards\main.cpp(18,9): warning C4005: “SPEEDMINS”: 宏重定义
      C:\Users\ASUS\Desktop\game\billiards\billiards\ball.h(3,9):
      参见“SPEEDMINS”的前一个定义
  
C:\Users\ASUS\Desktop\game\billiards\billiards\main.cpp(31,14): warning C4244: “初始化”: 从“double”转换到“float”，可能丢失数据
C:\Users\ASUS\Desktop\game\billiards\billiards\main.cpp(32,14): warning C4244: “初始化”: 从“double”转换到“float”，可能丢失数据
C:\Users\ASUS\Desktop\game\billiards\billiards\main.cpp(37,15): warning C4244: “初始化”: 从“double”转换到“float”，可能丢失数据
C:\Users\ASUS\Desktop\game\billiards\billiards\main.cpp(42,67): warning C4244: “=”: 从“double”转换到“float”，可能丢失数据
C:\Users\ASUS\Desktop\game\billiards\billiards\main.cpp(46,15): warning C4244: “初始化”: 从“double”转换到“float”，可能丢失数据
C:\Users\ASUS\Desktop\game\billiards\billiards\main.cpp(51,67): warning C4244: “=”: 从“double”转换到“float”，可能丢失数据
C:\Users\ASUS\Desktop\game\billiards\billiards\main.cpp(60,20): warning C4244: “=”: 从“double”转换到“float”，可能丢失数据
C:\Users\ASUS\Desktop\game\billiards\billiards\main.cpp(61,20): warning C4244: “=”: 从“double”转换到“float”，可能丢失数据
C:\Users\ASUS\Desktop\game\billiards\billiards\main.cpp(80,17): warning C4244: “初始化”: 从“double”转换到“float”，可能丢失数据
C:\Users\ASUS\Desktop\game\billiards\billiards\main.cpp(111,60): warning C4244: “+=”: 从“double”转换到“float”，可能丢失数据
C:\Users\ASUS\Desktop\game\billiards\billiards\main.cpp(112,60): warning C4244: “+=”: 从“double”转换到“float”，可能丢失数据
C:\Users\ASUS\Desktop\game\billiards\billiards\main.cpp(114,29): warning C4305: “-=”: 从“double”到“float”截断
C:\Users\ASUS\Desktop\game\billiards\billiards\main.cpp(240,26): warning C4244: “=”: 从“int”转换到“float”，可能丢失数据
C:\Users\ASUS\Desktop\game\billiards\billiards\main.cpp(241,26): warning C4244: “=”: 从“int”转换到“float”，可能丢失数据
C:\Users\ASUS\Desktop\game\billiards\billiards\main.cpp(315,57): warning C4244: “+=”: 从“double”转换到“float”，可能丢失数据
C:\Users\ASUS\Desktop\game\billiards\billiards\main.cpp(316,57): warning C4244: “+=”: 从“double”转换到“float”，可能丢失数据
C:\Users\ASUS\Desktop\game\billiards\billiards\main.cpp(319,33): warning C4305: “-=”: 从“double”到“float”截断
C:\Users\ASUS\Desktop\game\billiards\billiards\main.cpp(248,15): warning C4101: “dist”: 未引用的局部变量
C:\Users\ASUS\Desktop\game\billiards\billiards\main.cpp(247,18): warning C4101: “nearest”: 未引用的局部变量
  正在生成代码
  18 of 212 functions ( 8.5%) were compiled, the rest were copied from previous compilation.
    0 functions were new in current compilation
    3 functions had inline decision re-evaluated but remain unchanged
  已完成代码的生成
  billiards.vcxproj -> C:\Users\ASUS\Desktop\game\billiards\x64\Release\billiards.exe
